node.exe : C:\Users\USE
R\Downloads\Agentbazaar
\node_modules\.pnpm\ts-
node@10.9.2_@types+node
@22.7.5_typescript@6.0.
2\node_modules\ts-node\
src\index.ts:859
At C:\Users\USER\AppDat
a\Roaming\npm\pnpm.ps1:
24 char:5
+     & "node$exe"  "$b
asedir/node_modules/pnp
m/bin/pnpm.cjs" $args
+     ~~~~~~~~~~~~~~~~~
~~~~~~~~~~~~~~~~~~~~~~~
~~~~~~~~~~~~~~~~~~~~~
    + CategoryInfo     
         : NotSpecifi  
  ed: (C:\Users\USER   
 \D...rc\index.ts:8    
59:String) [], Rem    
oteException
    + FullyQualifiedEr 
   rorId : NativeComm  
  andError
 
    return new TSError(
diagnosticText, 
diagnosticCodes, 
diagnostics);
           ^
TSError: Γ¿» Unable to 
compile TypeScript:
apps/web/test-agents-lo
gic.ts(2,19): error 
TS7016: Could not find 
a declaration file for 
module 'node-fetch'. 'C
:/Users/USER/node_modul
es/node-fetch/lib/index
.js' implicitly has an 
'any' type.
  Try `npm i 
--save-dev 
@types/node-fetch` if 
it exists or add a new 
declaration (.d.ts) 
file containing 
`declare module 
'node-fetch';`

    at createTSError (C
:\Users\USER\Downloads\
Agentbazaar\node_module
s\.pnpm\ts-node@10.9.2_
@types+node@22.7.5_type
script@6.0.2\node_modul
es\ts-node\src\index.ts
:859:12)
    at reportTSError (C
:\Users\USER\Downloads\
Agentbazaar\node_module
s\.pnpm\ts-node@10.9.2_
@types+node@22.7.5_type
script@6.0.2\node_modul
es\ts-node\src\index.ts
:863:19)
    at getOutput (C:\Us
ers\USER\Downloads\Agen
tbazaar\node_modules\.p
npm\ts-node@10.9.2_@typ
es+node@22.7.5_typescri
pt@6.0.2\node_modules\t
s-node\src\index.ts:107
7:36)
    at Object.compile (
C:\Users\USER\Downloads
\Agentbazaar\node_modul
es\.pnpm\ts-node@10.9.2
_@types+node@22.7.5_typ
escript@6.0.2\node_modu
les\ts-node\src\index.t
s:1433:41)
    at 
Module.m._compile (C:\U
sers\USER\Downloads\Age
ntbazaar\node_modules\.
pnpm\ts-node@10.9.2_@ty
pes+node@22.7.5_typescr
ipt@6.0.2\node_modules\
ts-node\src\index.ts:16
17:30)
    at node:internal/mo
dules/cjs/loader:1838:1
0
    at Object.require.e
xtensions.<computed> 
[as .ts] (C:\Users\USER
\Downloads\Agentbazaar\
node_modules\.pnpm\ts-n
ode@10.9.2_@types+node@
22.7.5_typescript@6.0.2
\node_modules\ts-node\s
rc\index.ts:1621:12)
    at Module.load (nod
e:internal/modules/cjs/
loader:1441:32)
    at Function._load (
node:internal/modules/c
js/loader:1263:12)
    at TracingChannel.t
raceSync (node:diagnost
ics_channel:328:14) {
  diagnosticCodes: [ 
7016 ]
}
